[INFO] Scanning for projects...
[INFO] 
[INFO] -----------------< com.shopizer:com.shopizer.launcher >-----------------
[INFO] Building Shopizer OSGI - Launcher 1.0.0
[INFO]   from pom.xml
[INFO] --------------------------------[ jar ]---------------------------------
[INFO] 
[INFO] --- exec:3.6.3:java (default-cli) @ com.shopizer.launcher ---
========================================
   Shopizer OSGI Platform Launcher
========================================
[OK] OSGI Framework started

Installing third-party dependency bundles...
[INSTALLED] jakarta.persistence-api-3.1.0.jar
[INSTALLED] jakarta.servlet-api-6.0.0.jar
[INSTALLED] asm-9.7.jar
[INSTALLED] asm-commons-9.7.jar
[INSTALLED] asm-tree-9.7.jar
[INSTALLED] asm-analysis-9.7.jar
[INSTALLED] asm-util-9.7.jar
[INSTALLED] org.apache.aries.spifly.dynamic.bundle-1.3.7.jar
[INSTALLED] slf4j-api-2.0.9.jar
[INSTALLED] slf4j-simple-2.0.9.jar

Installing application bundles...
[INSTALLED] com.shopizer.common
[INSTALLED] com.shopizer.catalog
[INSTALLED] com.shopizer.cart
[INSTALLED] com.shopizer.order
[INSTALLED] com.shopizer.customer
[INSTALLED] com.shopizer.merchant
[INSTALLED] com.shopizer.rest

Starting bundles...
[STARTED] org.apache.aries.spifly.dynamic.bundle
[STARTED] jakarta.persistence-api
[STARTED] jakarta.servlet-api
[STARTED] org.objectweb.asm
[STARTED] org.objectweb.asm.commons
[STARTED] org.objectweb.asm.tree
[STARTED] org.objectweb.asm.tree.analysis
[STARTED] org.objectweb.asm.util
[STARTED] slf4j.api
[STARTED] slf4j.simple
[STARTED] com.shopizer.common
SLF4J: A SLF4J service provider failed to instantiate:
org.slf4j.spi.SLF4JServiceProvider: org.slf4j.simple.SimpleServiceProvider not a subtype
SLF4J: No SLF4J providers were found.
SLF4J: Defaulting to no-operation (NOP) logger implementation
SLF4J: See https://www.slf4j.org/codes.html#noProviders for further details.
[STARTED] com.shopizer.catalog
[STARTED] com.shopizer.cart
[STARTED] com.shopizer.order
[STARTED] com.shopizer.customer
[STARTED] com.shopizer.merchant
[REST] Starting Shopizer REST API Bundle...
[REST] Registered Index page: http://localhost:8080/
[REST] Jetty server started on port 8080
[REST] Jetty server is running: true
[REST] Jetty server is started: true
[REST] Shopizer REST API Bundle started successfully
[REST] REST API available at: http://localhost:8080/api/v1
[REST] Web UI available at: http://localhost:8080/
[STARTED] com.shopizer.rest
========================================
   Shopizer OSGI Platform Running
========================================
Type 'exit' to shutdown the platform
Type 'status' to see bundle status
Type 'services' to list registered services
========================================

shopizer> 
shopizer> 
shopizer> 
shopizer> 
shopizer> 
shopizer> 
shopizer> 
shopizer> 
shopizer> 
shopizer> 
shopizer> 
shopizer> 
shopizer> 
shopizer> 
shopizer> 
shopizer> 
shopizer> 
shopizer> 
shopizer> 
shopizer> 
shopizer> 
shopizer> 
shopizer> 
shopizer> 
shopizer> 
shopizer> 
shopizer> 
shopizer> 
shopizer> 
shopizer> 
shopizer> 
shopizer> 
shopizer> 
shopizer> 
shopizer> 
shopizer> 
shopizer> 
shopizer> 
shopizer> 
shopizer> 
shopizer> 
shopizer> 
shopizer> 
shopizer> 
shopizer> 
shopizer> 
shopizer> 
shopizer> 
shopizer> 
shopizer> 
shopizer> 
shopizer> 
shopizer> 
shopizer> 
shopizer> 
shopizer> 
shopizer> 
shopizer> 
shopizer> 
shopizer> 
shopizer> 
shopizer> 
shopizer> 
shopizer> 
shopizer> 
shopizer> 
shopizer> 
shopizer> 
shopizer> 
shopizer> 
shopizer> 
shopizer> 
shopizer> 
shopizer> 
shopizer> 
shopizer> 
shopizer> 
shopizer> 
shopizer> 
shopizer> 
shopizer> 
shopizer> 
shopizer> 
shopizer> 
shopizer> 
shopizer> 
shopizer> 
shopizer> 
shopizer> 
shopizer> 
shopizer> 
shopizer> 
shopizer> 
shopizer> 
shopizer> 
shopizer> 
shopizer> 
shopizer> 
shopizer> 
shopizer> 
shopizer> 
shopizer> 
shopizer> 
shopizer> 
shopizer> 
shopizer> 
shopizer> 
shopizer> 
shopizer> 
shopizer> 
shopizer> 
shopizer> 
shopizer> 
shopizer> 
shopizer> 
shopizer> 
shopizer> 
shopizer> 
shopizer> 
shopizer> 
shopizer> 
shopizer> 
shopizer> 
shopizer> 
shopizer> 
shopizer> 
shopizer> 
shopizer> 
shopizer> 
shopizer> 
shopizer> 
shopizer> 
shopizer> 
shopizer> 
shopizer> 
shopizer> 
shopizer> 
shopizer> 
shopizer> 
shopizer> 
shopizer> 
shopizer> 
shopizer> 
shopizer> 
shopizer> 
shopizer> 
shopizer> 
shopizer> 
shopizer> 
shopizer> 
shopizer> 
shopizer> 
shopizer> 
shopizer> 
shopizer> 
shopizer> 
shopizer> 
shopizer> 
shopizer> 
shopizer> 
shopizer> 
shopizer> 
shopizer> 
shopizer> 
shopizer> 
shopizer> 
shopizer> 
shopizer> 
shopizer> 
shopizer> 
shopizer> 
shopizer> 
shopizer> 
shopizer> 
shopizer> 
shopizer> 
shopizer> 
shopizer> 
shopizer> 
shopizer> 
shopizer> 
shopizer> 
shopizer> 
shopizer> 
shopizer> 
shopizer> 
shopizer> 
shopizer> 
shopizer> 
shopizer> 
shopizer> 
shopizer> 
shopizer> 
shopizer> 
shopizer> 
shopizer> 
shopizer> 
shopizer> 
shopizer> 
shopizer> 
shopizer> 
shopizer> 
shopizer> 
shopizer> 
shopizer> 
shopizer> 
shopizer> 
shopizer> 
shopizer> 
shopizer> 
shopizer> 
shopizer> 
shopizer> 
shopizer> 
shopizer> 
shopizer> 
shopizer> 
shopizer> 
shopizer> 
shopizer> 
shopizer> 
shopizer> 
shopizer> 
shopizer> 
shopizer> 
shopizer> 
shopizer> 
shopizer> 
shopizer> 
shopizer> 
shopizer> 
shopizer> 
shopizer> 
shopizer> 
shopizer> 
shopizer> 
shopizer> 
shopizer> 
shopizer> 
shopizer> 
shopizer> 
shopizer> 
shopizer> 
shopizer> 
shopizer> 
shopizer> 
shopizer> 
shopizer> 
shopizer> 
shopizer> 
shopizer> 
shopizer> 
shopizer> 
shopizer> 
shopizer> 
shopizer> 
shopizer> 
shopizer> 
shopizer> 
shopizer> 
shopizer> 
shopizer> 
shopizer> 
shopizer> 
shopizer> 
shopizer> 
shopizer> 
shopizer> 
shopizer> 
shopizer> 
shopizer> 
shopizer> 
shopizer> 
shopizer> 
shopizer> 
shopizer> 
shopizer> 
shopizer> 
shopizer> 
shopizer> 
shopizer> 
shopizer> 
shopizer> 
shopizer> 
shopizer> 
shopizer> 
shopizer> 
shopizer> 
shopizer> 
shopizer> 
shopizer> 
shopizer> 
shopizer> 
shopizer> 
shopizer> 
shopizer> 
shopizer> 
shopizer> 
shopizer> 
shopizer> 
shopizer> 
shopizer> 
shopizer> 
shopizer> 
shopizer> 
shopizer> 
shopizer> 
shopizer> 
shopizer> 
shopizer> 
shopizer> 
shopizer> 
shopizer> 
shopizer> 
shopizer> 
shopizer> 
shopizer> 
shopizer> 
shopizer> 
shopizer> 
shopizer> 
shopizer> 
shopizer> 
shopizer> 
shopizer> 
shopizer> 
shopizer> 
shopizer> 
shopizer> 
shopizer> 
shopizer> 
shopizer> 
shopizer> 
shopizer> 
shopizer> 
shopizer> 
shopizer> 
shopizer> 
shopizer> 
shopizer> 
shopizer> 
shopizer> 
shopizer> 
shopizer> 
shopizer> 
shopizer> 
shopizer> 
shopizer> 
shopizer> 
shopizer> 
shopizer> 
shopizer> 
shopizer> 
shopizer> 
shopizer> 
shopizer> 
shopizer> 
shopizer> 
shopizer> 
shopizer> 
shopizer> 
shopizer> 
shopizer> 
shopizer> 
shopizer> 
shopizer> 
shopizer> 
shopizer> 
shopizer> 
shopizer> 
shopizer> 
shopizer> 
shopizer> 
shopizer> 
shopizer> 
shopizer> 
shopizer> 
shopizer> 
shopizer> 
shopizer> 
shopizer> 
shopizer> 
shopizer> 
shopizer> 
shopizer> 
shopizer> 
shopizer> 
shopizer> 
shopizer> 
shopizer> 
shopizer> 
shopizer> 
shopizer> 
shopizer> 
shopizer> 
shopizer> 
shopizer> 
shopizer> 
shopizer> 
shopizer> 
shopizer> 
shopizer> 
shopizer> 
shopizer> 
shopizer> 
shopizer> 
shopizer> 
shopizer> 
shopizer> 
shopizer> 
shopizer> 
shopizer> 
shopizer> 
shopizer> 
shopizer> 
shopizer> 
shopizer> 
shopizer> 
shopizer> 
shopizer> 
shopizer> 
shopizer> 
shopizer> 
shopizer> 
shopizer> 
shopizer> 
shopizer> 
shopizer> 
shopizer> 
shopizer> 
shopizer> 
shopizer> 
shopizer> 
shopizer> 
shopizer> 
shopizer> 
shopizer> 
shopizer> 
shopizer> 
shopizer> 
shopizer> 
shopizer> 
shopizer> 
shopizer> 
shopizer> 
shopizer> 
shopizer> 
shopizer> 
shopizer> 
shopizer> 
shopizer> 
shopizer> 
shopizer> 
shopizer> 
shopizer> 
shopizer> 
shopizer> 
shopizer> 
shopizer> 
shopizer> 
shopizer> 
shopizer> 
shopizer> 
shopizer> 
shopizer> 
shopizer> 
shopizer> 
shopizer> 
shopizer> 
shopizer> 
shopizer> 
shopizer> 
shopizer> 
shopizer> 
shopizer> 
shopizer> 
shopizer> 
shopizer> 
shopizer> 
shopizer> 
shopizer> 
shopizer> 
shopizer> 
shopizer> 
shopizer> 
shopizer> 
shopizer> 
shopizer> 
shopizer> 
shopizer> 
shopizer> 
shopizer> 
shopizer> 
shopizer> 
shopizer> 
shopizer> 
shopizer> 
shopizer> 
shopizer> 
shopizer> 
shopizer> 
shopizer> 
shopizer> 
shopizer> 
shopizer> 
shopizer> 
shopizer> 
shopizer> 
shopizer> 
shopizer> 
shopizer> 
shopizer> 
shopizer> 
shopizer> 
shopizer> 
shopizer> 
shopizer> 
shopizer> 
shopizer> 
shopizer> 
shopizer> 
shopizer> 
shopizer> 
shopizer> 
shopizer> 
shopizer> 
shopizer> 
shopizer> 
shopizer> 
shopizer> 
shopizer> 
shopizer> 
shopizer> 
shopizer> 
shopizer> 
shopizer> 
shopizer> 
shopizer> 
shopizer> 
shopizer> 
shopizer> 
shopizer> 
shopizer> 
shopizer> 
shopizer> 
shopizer> 
shopizer> 
shopizer> 
shopizer> 
shopizer> 
shopizer> 
shopizer> 
shopizer> 
shopizer> 
shopizer> 
shopizer> 
shopizer> 
shopizer> 
shopizer> 
shopizer> 
shopizer> 
shopizer> 
shopizer> 
shopizer> 
shopizer> 
shopizer> 
shopizer> 
shopizer> 
shopizer> 
shopizer> 
shopizer> 
shopizer> 
shopizer> 
shopizer> 
shopizer> 
shopizer> 
shopizer> 
shopizer> 
shopizer> 
shopizer> 
shopizer> 
shopizer> 
shopizer> 
shopizer> 
shopizer> 
shopizer> 
shopizer> 
shopizer> 
shopizer> 
shopizer> 
shopizer> 
shopizer> 
shopizer> 
shopizer> 
shopizer> 
shopizer> 
shopizer> 
shopizer> 
shopizer> 
shopizer> 
shopizer> 
shopizer> 
shopizer> 
shopizer> 
shopizer> 
shopizer> 
shopizer> 
shopizer> 
shopizer> 
shopizer> 
shopizer> 
shopizer> 
shopizer> 
shopizer> 
shopizer> 
shopizer> 
shopizer> 
shopizer> 
shopizer> 
shopizer> 
shopizer> 
shopizer> 
shopizer> 
shopizer> 
shopizer> 
shopizer> 
shopizer> 
shopizer> 
shopizer> 
shopizer> 
shopizer> 
shopizer> 
shopizer> 
shopizer> 
shopizer> 
shopizer> 
shopizer> 
shopizer> 
shopizer> 
shopizer> 
shopizer> 
shopizer> 
shopizer> 
shopizer> 
shopizer> 
shopizer> 
shopizer> 
shopizer> 
shopizer> 
shopizer> 
shopizer> 
shopizer> 
shopizer> 
shopizer> 
shopizer> 
shopizer> 
shopizer> 
shopizer> 
shopizer> 
shopizer> 
shopizer> 
shopizer> 
shopizer> 
shopizer> 
shopizer> 
shopizer> 
shopizer> 
shopizer> 
shopizer> 
shopizer> 
shopizer> 
shopizer> 
shopizer> 
shopizer> 
shopizer> 
shopizer> 
shopizer> 
shopizer> 
shopizer> 
shopizer> 
shopizer> 
shopizer> 
shopizer> 
shopizer> 
shopizer> 
shopizer> 
shopizer> 
shopizer> 
shopizer> 
shopizer> 
shopizer> 
shopizer> 
shopizer> 
shopizer> 
shopizer> 
shopizer> 
shopizer> 
shopizer> 
shopizer> 
shopizer> 
shopizer> 
shopizer> 
shopizer> 
shopizer> 
shopizer> 
shopizer> 
shopizer> 
shopizer> 
shopizer> 
shopizer> 
shopizer> 
shopizer> 
shopizer> 
shopizer> 
shopizer> 